1,john,doe,2018-07-21,,2018,07
2,micheal,jordan,2019-07-21,,2019,07
5,xavi,hernandez,2018-07-21,player,2018,06
6,leo,messi,1987-07-24,god,1987,07
3,mohamad,salah,1999-05-02,leader,1999,05
4,kilian,mbappe,2010-07-03,player,2010,07